// Jest Snapshot v1, https://goo.gl/fbAQLP

exports[`it renders a loading message when no shipping methods 1`] = `
<Loading Indicator>
  Loading shipping methods...
</Loading Indicator>
`;

exports[`it renders correctly 1`] = `
<Radio Group
  classes={
    Object {
      "message": "radioMessage",
      "radioLabel": "radioLabel",
      "root": "radioRoot",
    }
  }
  field="shipping_method"
  items={
    Array [
      Object {
        "label": <UNDEFINED
          currency="USD"
          name="Flat Rate"
          price={99}
        />,
        "value": "flatrate|flatrate",
      },
    ]
  }
/>
`;

exports[`it renders correctly when loading 1`] = `
<Loading Indicator>
  Loading shipping methods...
</Loading Indicator>
`;
